Archive member included to satisfy reference by file (symbol)

/Applications/STM32CubeIDE.app/Contents/Eclipse/plugins/com.st.stm32cube.ide.mcu.externaltools.gnu-tools-for-stm32.10.3-2021.10.macos64_1.0.200.202301161003/tools/bin/../lib/gcc/arm-none-eabi/10.3.1/../../../../arm-none-eabi/lib/thumb/v7e-m+fp/hard/libc_nano.a(lib_a-errno.o)
                              ./Core/Src/syscalls.o (__errno)
/Applications/STM32CubeIDE.app/Contents/Eclipse/plugins/com.st.stm32cube.ide.mcu.externaltools.gnu-tools-for-stm32.10.3-2021.10.macos64_1.0.200.202301161003/tools/bin/../lib/gcc/arm-none-eabi/10.3.1/../../../../arm-none-eabi/lib/thumb/v7e-m+fp/hard/libc_nano.a(lib_a-exit.o)
                              /Applications/STM32CubeIDE.app/Contents/Eclipse/plugins/com.st.stm32cube.ide.mcu.externaltools.gnu-tools-for-stm32.10.3-2021.10.macos64_1.0.200.202301161003/tools/bin/../lib/gcc/arm-none-eabi/10.3.1/../../../../arm-none-eabi/lib/thumb/v7e-m+fp/hard/crt0.o (exit)
/Applications/STM32CubeIDE.app/Contents/Eclipse/plugins/com.st.stm32cube.ide.mcu.externaltools.gnu-tools-for-stm32.10.3-2021.10.macos64_1.0.200.202301161003/tools/bin/../lib/gcc/arm-none-eabi/10.3.1/../../../../arm-none-eabi/lib/thumb/v7e-m+fp/hard/libc_nano.a(lib_a-impure.o)
                              /Applications/STM32CubeIDE.app/Contents/Eclipse/plugins/com.st.stm32cube.ide.mcu.externaltools.gnu-tools-for-stm32.10.3-2021.10.macos64_1.0.200.202301161003/tools/bin/../lib/gcc/arm-none-eabi/10.3.1/../../../../arm-none-eabi/lib/thumb/v7e-m+fp/hard/libc_nano.a(lib_a-exit.o) (_global_impure_ptr)
/Applications/STM32CubeIDE.app/Contents/Eclipse/plugins/com.st.stm32cube.ide.mcu.externaltools.gnu-tools-for-stm32.10.3-2021.10.macos64_1.0.200.202301161003/tools/bin/../lib/gcc/arm-none-eabi/10.3.1/../../../../arm-none-eabi/lib/thumb/v7e-m+fp/hard/libc_nano.a(lib_a-init.o)
                              /Applications/STM32CubeIDE.app/Contents/Eclipse/plugins/com.st.stm32cube.ide.mcu.externaltools.gnu-tools-for-stm32.10.3-2021.10.macos64_1.0.200.202301161003/tools/bin/../lib/gcc/arm-none-eabi/10.3.1/../../../../arm-none-eabi/lib/thumb/v7e-m+fp/hard/crt0.o (__libc_init_array)
/Applications/STM32CubeIDE.app/Contents/Eclipse/plugins/com.st.stm32cube.ide.mcu.externaltools.gnu-tools-for-stm32.10.3-2021.10.macos64_1.0.200.202301161003/tools/bin/../lib/gcc/arm-none-eabi/10.3.1/../../../../arm-none-eabi/lib/thumb/v7e-m+fp/hard/libc_nano.a(lib_a-memset.o)
                              /Applications/STM32CubeIDE.app/Contents/Eclipse/plugins/com.st.stm32cube.ide.mcu.externaltools.gnu-tools-for-stm32.10.3-2021.10.macos64_1.0.200.202301161003/tools/bin/../lib/gcc/arm-none-eabi/10.3.1/../../../../arm-none-eabi/lib/thumb/v7e-m+fp/hard/crt0.o (memset)
/Applications/STM32CubeIDE.app/Contents/Eclipse/plugins/com.st.stm32cube.ide.mcu.externaltools.gnu-tools-for-stm32.10.3-2021.10.macos64_1.0.200.202301161003/tools/bin/../lib/gcc/arm-none-eabi/10.3.1/../../../../arm-none-eabi/lib/thumb/v7e-m+fp/hard/libc_nano.a(lib_a-strlen.o)
                              ./Core/Src/UART_lib/UART.o (strlen)

Discarded input sections

 .text          0x0000000000000000        0x0 /Applications/STM32CubeIDE.app/Contents/Eclipse/plugins/com.st.stm32cube.ide.mcu.externaltools.gnu-tools-for-stm32.10.3-2021.10.macos64_1.0.200.202301161003/tools/bin/../lib/gcc/arm-none-eabi/10.3.1/thumb/v7e-m+fp/hard/crti.o
 .data          0x0000000000000000        0x0 /Applications/STM32CubeIDE.app/Contents/Eclipse/plugins/com.st.stm32cube.ide.mcu.externaltools.gnu-tools-for-stm32.10.3-2021.10.macos64_1.0.200.202301161003/tools/bin/../lib/gcc/arm-none-eabi/10.3.1/thumb/v7e-m+fp/hard/crti.o
 .bss           0x0000000000000000        0x0 /Applications/STM32CubeIDE.app/Contents/Eclipse/plugins/com.st.stm32cube.ide.mcu.externaltools.gnu-tools-for-stm32.10.3-2021.10.macos64_1.0.200.202301161003/tools/bin/../lib/gcc/arm-none-eabi/10.3.1/thumb/v7e-m+fp/hard/crti.o
 .data          0x0000000000000000        0x4 /Applications/STM32CubeIDE.app/Contents/Eclipse/plugins/com.st.stm32cube.ide.mcu.externaltools.gnu-tools-for-stm32.10.3-2021.10.macos64_1.0.200.202301161003/tools/bin/../lib/gcc/arm-none-eabi/10.3.1/thumb/v7e-m+fp/hard/crtbegin.o
 .rodata        0x0000000000000000       0x24 /Applications/STM32CubeIDE.app/Contents/Eclipse/plugins/com.st.stm32cube.ide.mcu.externaltools.gnu-tools-for-stm32.10.3-2021.10.macos64_1.0.200.202301161003/tools/bin/../lib/gcc/arm-none-eabi/10.3.1/thumb/v7e-m+fp/hard/crtbegin.o
 .text          0x0000000000000000       0x7c /Applications/STM32CubeIDE.app/Contents/Eclipse/plugins/com.st.stm32cube.ide.mcu.externaltools.gnu-tools-for-stm32.10.3-2021.10.macos64_1.0.200.202301161003/tools/bin/../lib/gcc/arm-none-eabi/10.3.1/../../../../arm-none-eabi/lib/thumb/v7e-m+fp/hard/crt0.o
[...]
Memory Configuration

Name             Origin             Length             Attributes
RAM              0x0000000020000000 0x0000000000018000 xrw
RAM2             0x0000000010000000 0x0000000000008000 xrw
FLASH            0x0000000008000000 0x0000000000100000 xr
*default*        0x0000000000000000 0xffffffffffffffff

Linker script and memory map

LOAD /Applications/STM32CubeIDE.app/Contents/Eclipse/plugins/com.st.stm32cube.ide.mcu.externaltools.gnu-tools-for-stm32.10.3-2021.10.macos64_1.0.200.202301161003/tools/bin/../lib/gcc/arm-none-eabi/10.3.1/thumb/v7e-m+fp/hard/crti.o
LOAD /Applications/STM32CubeIDE.app/Contents/Eclipse/plugins/com.st.stm32cube.ide.mcu.externaltools.gnu-tools-for-stm32.10.3-2021.10.macos64_1.0.200.202301161003/tools/bin/../lib/gcc/arm-none-eabi/10.3.1/thumb/v7e-m+fp/hard/crtbegin.o
LOAD /Applications/STM32CubeIDE.app/Contents/Eclipse/plugins/com.st.stm32cube.ide.mcu.externaltools.gnu-tools-for-stm32.10.3-2021.10.macos64_1.0.200.202301161003/tools/bin/../lib/gcc/arm-none-eabi/10.3.1/../../../../arm-none-eabi/lib/thumb/v7e-m+fp/hard/crt0.o
LOAD ./Core/Src/KEYPAD_lib/keypad_lib.o
LOAD ./Core/Src/LCD_lib/LCD.o
LOAD ./Core/Src/RTC_lib/RTC.o
LOAD ./Core/Src/UART_lib/UART.o
LOAD ./Core/Src/main.o
LOAD ./Core/Src/stm32l4xx_hal_msp.o
LOAD ./Core/Src/stm32l4xx_it.o
LOAD ./Core/Src/syscalls.o
LOAD ./Core/Src/sysmem.o
LOAD ./Core/Src/system_stm32l4xx.o
LOAD ./Core/Startup/startup_stm32l476rgtx.o
LOAD ./Drivers/STM32L4xx_HAL_Driver/Src/stm32l4xx_hal.o
LOAD ./Drivers/STM32L4xx_HAL_Driver/Src/stm32l4xx_hal_cortex.o
LOAD ./Drivers/STM32L4xx_HAL_Driver/Src/stm32l4xx_hal_dma.o
LOAD ./Drivers/STM32L4xx_HAL_Driver/Src/stm32l4xx_hal_dma_ex.o
LOAD ./Drivers/STM32L4xx_HAL_Driver/Src/stm32l4xx_hal_exti.o
LOAD ./Drivers/STM32L4xx_HAL_Driver/Src/stm32l4xx_hal_flash.o
LOAD ./Drivers/STM32L4xx_HAL_Driver/Src/stm32l4xx_hal_flash_ex.o
LOAD ./Drivers/STM32L4xx_HAL_Driver/Src/stm32l4xx_hal_flash_ramfunc.o
LOAD ./Drivers/STM32L4xx_HAL_Driver/Src/stm32l4xx_hal_gpio.o
LOAD ./Drivers/STM32L4xx_HAL_Driver/Src/stm32l4xx_hal_pwr.o
LOAD ./Drivers/STM32L4xx_HAL_Driver/Src/stm32l4xx_hal_pwr_ex.o
LOAD ./Drivers/STM32L4xx_HAL_Driver/Src/stm32l4xx_hal_rcc.o
LOAD ./Drivers/STM32L4xx_HAL_Driver/Src/stm32l4xx_hal_rcc_ex.o
START GROUP
LOAD /Applications/STM32CubeIDE.app/Contents/Eclipse/plugins/com.st.stm32cube.ide.mcu.externaltools.gnu-tools-for-stm32.10.3-2021.10.macos64_1.0.200.202301161003/tools/bin/../lib/gcc/arm-none-eabi/10.3.1/../../../../arm-none-eabi/lib/thumb/v7e-m+fp/hard/libc_nano.a
LOAD /Applications/STM32CubeIDE.app/Contents/Eclipse/plugins/com.st.stm32cube.ide.mcu.externaltools.gnu-tools-for-stm32.10.3-2021.10.macos64_1.0.200.202301161003/tools/bin/../lib/gcc/arm-none-eabi/10.3.1/../../../../arm-none-eabi/lib/thumb/v7e-m+fp/hard/libm.a
END GROUP
START GROUP
LOAD /Applications/STM32CubeIDE.app/Contents/Eclipse/plugins/com.st.stm32cube.ide.mcu.externaltools.gnu-tools-for-stm32.10.3-2021.10.macos64_1.0.200.202301161003/tools/bin/../lib/gcc/arm-none-eabi/10.3.1/thumb/v7e-m+fp/hard/libgcc.a
LOAD /Applications/STM32CubeIDE.app/Contents/Eclipse/plugins/com.st.stm32cube.ide.mcu.externaltools.gnu-tools-for-stm32.10.3-2021.10.macos64_1.0.200.202301161003/tools/bin/../lib/gcc/arm-none-eabi/10.3.1/../../../../arm-none-eabi/lib/thumb/v7e-m+fp/hard/libc_nano.a
END GROUP
START GROUP
LOAD /Applications/STM32CubeIDE.app/Contents/Eclipse/plugins/com.st.stm32cube.ide.mcu.externaltools.gnu-tools-for-stm32.10.3-2021.10.macos64_1.0.200.202301161003/tools/bin/../lib/gcc/arm-none-eabi/10.3.1/thumb/v7e-m+fp/hard/libgcc.a
LOAD /Applications/STM32CubeIDE.app/Contents/Eclipse/plugins/com.st.stm32cube.ide.mcu.externaltools.gnu-tools-for-stm32.10.3-2021.10.macos64_1.0.200.202301161003/tools/bin/../lib/gcc/arm-none-eabi/10.3.1/../../../../arm-none-eabi/lib/thumb/v7e-m+fp/hard/libc_nano.a
LOAD /Applications/STM32CubeIDE.app/Contents/Eclipse/plugins/com.st.stm32cube.ide.mcu.externaltools.gnu-tools-for-stm32.10.3-2021.10.macos64_1.0.200.202301161003/tools/bin/../lib/gcc/arm-none-eabi/10.3.1/../../../../arm-none-eabi/lib/thumb/v7e-m+fp/hard/libnosys.a
END GROUP
START GROUP
LOAD /Applications/STM32CubeIDE.app/Contents/Eclipse/plugins/com.st.stm32cube.ide.mcu.externaltools.gnu-tools-for-stm32.10.3-2021.10.macos64_1.0.200.202301161003/tools/bin/../lib/gcc/arm-none-eabi/10.3.1/thumb/v7e-m+fp/hard/libgcc.a
LOAD /Applications/STM32CubeIDE.app/Contents/Eclipse/plugins/com.st.stm32cube.ide.mcu.externaltools.gnu-tools-for-stm32.10.3-2021.10.macos64_1.0.200.202301161003/tools/bin/../lib/gcc/arm-none-eabi/10.3.1/../../../../arm-none-eabi/lib/thumb/v7e-m+fp/hard/libc_nano.a
LOAD /Applications/STM32CubeIDE.app/Contents/Eclipse/plugins/com.st.stm32cube.ide.mcu.externaltools.gnu-tools-for-stm32.10.3-2021.10.macos64_1.0.200.202301161003/tools/bin/../lib/gcc/arm-none-eabi/10.3.1/../../../../arm-none-eabi/lib/thumb/v7e-m+fp/hard/libnosys.a
END GROUP
LOAD /Applications/STM32CubeIDE.app/Contents/Eclipse/plugins/com.st.stm32cube.ide.mcu.externaltools.gnu-tools-for-stm32.10.3-2021.10.macos64_1.0.200.202301161003/tools/bin/../lib/gcc/arm-none-eabi/10.3.1/thumb/v7e-m+fp/hard/crtend.o
LOAD /Applications/STM32CubeIDE.app/Contents/Eclipse/plugins/com.st.stm32cube.ide.mcu.externaltools.gnu-tools-for-stm32.10.3-2021.10.macos64_1.0.200.202301161003/tools/bin/../lib/gcc/arm-none-eabi/10.3.1/thumb/v7e-m+fp/hard/crtn.o
                0x0000000020018000                _estack = (ORIGIN (RAM) + LENGTH (RAM))
                0x0000000000000200                _Min_Heap_Size = 0x200
                0x0000000000000400                _Min_Stack_Size = 0x400

.isr_vector     0x0000000008000000      0x188
                0x0000000008000000                . = ALIGN (0x4)
 *(.isr_vector)
 .isr_vector    0x0000000008000000      0x188 ./Core/Startup/startup_stm32l476rgtx.o
                0x0000000008000000                g_pfnVectors
                0x0000000008000188                . = ALIGN (0x4)

.text           0x0000000008000188     0x22cc
                0x0000000008000188                . = ALIGN (0x4)
 *(.text)
 .text          0x0000000008000188       0x40 /Applications/STM32CubeIDE.app/Contents/Eclipse/plugins/com.st.stm32cube.ide.mcu.externaltools.gnu-tools-for-stm32.10.3-2021.10.macos64_1.0.200.202301161003/tools/bin/../lib/gcc/arm-none-eabi/10.3.1/thumb/v7e-m+fp/hard/crtbegin.o
 .text          0x00000000080001c8       0x10 /Applications/STM32CubeIDE.app/Contents/Eclipse/plugins/com.st.stm32cube.ide.mcu.externaltools.gnu-tools-for-stm32.10.3-2021.10.macos64_1.0.200.202301161003/tools/bin/../lib/gcc/arm-none-eabi/10.3.1/../../../../arm-none-eabi/lib/thumb/v7e-m+fp/hard/libc_nano.a(lib_a-strlen.o)
                0x00000000080001c8                strlen
 *(.text*)
 .text.keypad_config
                0x00000000080001d8       0x8c ./Core/Src/KEYPAD_lib/keypad_lib.o
                0x00000000080001d8                keypad_config
 .text.keypad_getKey
                0x0000000008000264       0xc0 ./Core/Src/KEYPAD_lib/keypad_lib.o
                0x0000000008000264                keypad_getKey
 .text.keypad_input
                0x0000000008000324       0x88 ./Core/Src/KEYPAD_lib/keypad_lib.o
                0x0000000008000324                keypad_input
 .text.RTC_init
                0x00000000080003ac       0xcc ./Core/Src/RTC_lib/RTC.o
                0x00000000080003ac                RTC_init
 .text.RTC_write
                0x0000000008000478       0xbc ./Core/Src/RTC_lib/RTC.o
                0x0000000008000478                RTC_write
 .text.RTC_read
                0x0000000008000534      0x110 ./Core/Src/RTC_lib/RTC.o
                0x0000000008000534                RTC_read
 .text.RTC_setTime
                0x0000000008000644      0x138 ./Core/Src/RTC_lib/RTC.o
                0x0000000008000644                RTC_setTime
 .text.RTC_readTimes
                0x000000000800077c      0x258 ./Core/Src/RTC_lib/RTC.o
                0x000000000800077c                RTC_readTimes
 .text.RTC_setAlarmTime
                0x00000000080009d4       0xb2 ./Core/Src/RTC_lib/RTC.o
                0x00000000080009d4                RTC_setAlarmTime
 *fill*         0x0000000008000a86        0x2 
 .text.uint16ToString
                0x0000000008000a88       0xec ./Core/Src/RTC_lib/RTC.o
                0x0000000008000a88                uint16ToString
 .text.UART_init
                0x0000000008000b74      0x108 ./Core/Src/UART_lib/UART.o
                0x0000000008000b74                UART_init
 .text.UART_print_char
                0x0000000008000c7c       0x40 ./Core/Src/UART_lib/UART.o
                0x0000000008000c7c                UART_print_char
 .text.UART_print
                0x0000000008000cbc       0x70 ./Core/Src/UART_lib/UART.o
                0x0000000008000cbc                UART_print
 .text.main     0x0000000008000d2c      0x588 ./Core/Src/main.o
                0x0000000008000d2c                main
 .text.HexToDec
                0x00000000080012b4       0x32 ./Core/Src/main.o
                0x00000000080012b4                HexToDec
 *fill*         0x00000000080012e6        0x2 
 .text.DecToHex
                0x00000000080012e8       0x44 ./Core/Src/main.o
                0x00000000080012e8                DecToHex
 .text.SystemClock_Config
                0x000000000800132c       0x8c ./Core/Src/main.o
                0x000000000800132c                SystemClock_Config
 .text.Error_Handler
                0x00000000080013b8        0xa ./Core/Src/main.o
                0x00000000080013b8                Error_Handler
 *fill*         0x00000000080013c2        0x2 
 .text.HAL_MspInit
                0x00000000080013c4       0x48 ./Core/Src/stm32l4xx_hal_msp.o
                0x00000000080013c4                HAL_MspInit
 .text.NMI_Handler
                0x000000000800140c        0x6 ./Core/Src/stm32l4xx_it.o
                0x000000000800140c                NMI_Handler
 .text.HardFault_Handler
                0x0000000008001412        0x6 ./Core/Src/stm32l4xx_it.o
                0x0000000008001412                HardFault_Handler
 .text.MemManage_Handler
                0x0000000008001418        0x6 ./Core/Src/stm32l4xx_it.o
                0x0000000008001418                MemManage_Handler
 .text.BusFault_Handler
                0x000000000800141e        0x6 ./Core/Src/stm32l4xx_it.o
                0x000000000800141e                BusFault_Handler
 .text.UsageFault_Handler
                0x0000000008001424        0x6 ./Core/Src/stm32l4xx_it.o
                0x0000000008001424                UsageFault_Handler
 .text.SVC_Handler
                0x000000000800142a        0xe ./Core/Src/stm32l4xx_it.o
                0x000000000800142a                SVC_Handler
 .text.DebugMon_Handler
                0x0000000008001438        0xe ./Core/Src/stm32l4xx_it.o
                0x0000000008001438                DebugMon_Handler
 .text.PendSV_Handler
                0x0000000008001446        0xe ./Core/Src/stm32l4xx_it.o
                0x0000000008001446                PendSV_Handler
 .text.SysTick_Handler
                0x0000000008001454        0xc ./Core/Src/stm32l4xx_it.o
                0x0000000008001454                SysTick_Handler
 .text.SystemInit
                0x0000000008001460       0x24 ./Core/Src/system_stm32l4xx.o
                0x0000000008001460                SystemInit
 .text.Reset_Handler
                0x0000000008001484       0x50 ./Core/Startup/startup_stm32l476rgtx.o
                0x0000000008001484                Reset_Handler
 .text.Default_Handler
                0x00000000080014d4        0x2 ./Core/Startup/startup_stm32l476rgtx.o
                0x00000000080014d4                TIM1_BRK_TIM15_IRQHandler
                0x00000000080014d4                EXTI2_IRQHandler
                0x00000000080014d4                TIM8_TRG_COM_IRQHandler
                0x00000000080014d4                TIM8_CC_IRQHandler
                0x00000000080014d4                TIM1_CC_IRQHandler
                0x00000000080014d4                TSC_IRQHandler
                0x00000000080014d4                TAMP_STAMP_IRQHandler
                0x00000000080014d4                EXTI3_IRQHandler
                0x00000000080014d4                LPTIM2_IRQHandler
                0x00000000080014d4                DFSDM1_FLT1_IRQHandler
                0x00000000080014d4                I2C3_ER_IRQHandler
                0x00000000080014d4                DFSDM1_FLT2_IRQHandler
                0x00000000080014d4                EXTI0_IRQHandler
                0x00000000080014d4                I2C2_EV_IRQHandler
                0x00000000080014d4                CAN1_RX0_IRQHandler
                0x00000000080014d4                FPU_IRQHandler
                0x00000000080014d4                TIM1_UP_TIM16_IRQHandler
                0x00000000080014d4                ADC1_2_IRQHandler
                0x00000000080014d4                SPI1_IRQHandler
                0x00000000080014d4                TIM6_DAC_IRQHandler
                0x00000000080014d4                TIM8_UP_IRQHandler
                0x00000000080014d4                DMA2_Channel2_IRQHandler
                0x00000000080014d4                DMA1_Channel4_IRQHandler
                0x00000000080014d4                SAI2_IRQHandler
                0x00000000080014d4                DFSDM1_FLT3_IRQHandler
                0x00000000080014d4                USART3_IRQHandler
                0x00000000080014d4                DMA1_Channel7_IRQHandler
                0x00000000080014d4                CAN1_RX1_IRQHandler
                0x00000000080014d4                LCD_IRQHandler
                0x00000000080014d4                UART5_IRQHandler
                0x00000000080014d4                ADC3_IRQHandler
                0x00000000080014d4                TIM4_IRQHandler
                0x00000000080014d4                DMA2_Channel1_IRQHandler
                0x00000000080014d4                QUADSPI_IRQHandler
                0x00000000080014d4                I2C1_EV_IRQHandler
                0x00000000080014d4                DMA1_Channel6_IRQHandler
                0x00000000080014d4                UART4_IRQHandler
                0x00000000080014d4                DMA2_Channel4_IRQHandler
                0x00000000080014d4                TIM3_IRQHandler
                0x00000000080014d4                RCC_IRQHandler
                0x00000000080014d4                DMA1_Channel1_IRQHandler
                0x00000000080014d4                Default_Handler
                0x00000000080014d4                DMA2_Channel7_IRQHandler
                0x00000000080014d4                EXTI15_10_IRQHandler
                0x00000000080014d4                TIM7_IRQHandler
                0x00000000080014d4                SDMMC1_IRQHandler
                0x00000000080014d4                TIM5_IRQHandler
                0x00000000080014d4                I2C3_EV_IRQHandler
                0x00000000080014d4                EXTI9_5_IRQHandler
                0x00000000080014d4                RTC_WKUP_IRQHandler
                0x00000000080014d4                PVD_PVM_IRQHandler
                0x00000000080014d4                SPI2_IRQHandler
                0x00000000080014d4                CAN1_TX_IRQHandler
                0x00000000080014d4                DMA2_Channel5_IRQHandler
                0x00000000080014d4                DMA1_Channel5_IRQHandler
                0x00000000080014d4                EXTI4_IRQHandler
                0x00000000080014d4                RNG_IRQHandler
                0x00000000080014d4                TIM1_TRG_COM_TIM17_IRQHandler
                0x00000000080014d4                DMA1_Channel3_IRQHandler
                0x00000000080014d4                COMP_IRQHandler
                0x00000000080014d4                WWDG_IRQHandler
                0x00000000080014d4                LPUART1_IRQHandler
                0x00000000080014d4                DMA2_Channel6_IRQHandler
                0x00000000080014d4                TIM2_IRQHandler
                0x00000000080014d4                EXTI1_IRQHandler
                0x00000000080014d4                USART2_IRQHandler
                0x00000000080014d4                DFSDM1_FLT0_IRQHandler
                0x00000000080014d4                I2C2_ER_IRQHandler
                0x00000000080014d4                DMA1_Channel2_IRQHandler
                0x00000000080014d4                TIM8_BRK_IRQHandler
                0x00000000080014d4                CAN1_SCE_IRQHandler
                0x00000000080014d4                FLASH_IRQHandler
                0x00000000080014d4                USART1_IRQHandler
                0x00000000080014d4                OTG_FS_IRQHandler
                0x00000000080014d4                SPI3_IRQHandler
                0x00000000080014d4                I2C1_ER_IRQHandler
                0x00000000080014d4                FMC_IRQHandler
                0x00000000080014d4                SWPMI1_IRQHandler
                0x00000000080014d4                LPTIM1_IRQHandler
                0x00000000080014d4                SAI1_IRQHandler
                0x00000000080014d4                DMA2_Channel3_IRQHandler
                0x00000000080014d4                RTC_Alarm_IRQHandler
 .text.HAL_Init
                0x00000000080014d6       0x30 ./Drivers/STM32L4xx_HAL_Driver/Src/stm32l4xx_hal.o
                0x00000000080014d6                HAL_Init
 *fill*         0x0000000008001506        0x2 
 .text.HAL_InitTick
                0x0000000008001508       0x78 ./Drivers/STM32L4xx_HAL_Driver/Src/stm32l4xx_hal.o
                0x0000000008001508                HAL_InitTick
 .text.HAL_IncTick
                0x0000000008001580       0x28 ./Drivers/STM32L4xx_HAL_Driver/Src/stm32l4xx_hal.o
                0x0000000008001580                HAL_IncTick
 .text.HAL_GetTick
                0x00000000080015a8       0x18 ./Drivers/STM32L4xx_HAL_Driver/Src/stm32l4xx_hal.o
                0x00000000080015a8                HAL_GetTick
 .text.__NVIC_SetPriorityGrouping
                0x00000000080015c0       0x48 ./Drivers/STM32L4xx_HAL_Driver/Src/stm32l4xx_hal_cortex.o
 .text.__NVIC_GetPriorityGrouping
                0x0000000008001608       0x1c ./Drivers/STM32L4xx_HAL_Driver/Src/stm32l4xx_hal_cortex.o
 .text.__NVIC_SetPriority
                0x0000000008001624       0x54 ./Drivers/STM32L4xx_HAL_Driver/Src/stm32l4xx_hal_cortex.o
 .text.NVIC_EncodePriority
                0x0000000008001678       0x66 ./Drivers/STM32L4xx_HAL_Driver/Src/stm32l4xx_hal_cortex.o
 *fill*         0x00000000080016de        0x2 
 .text.SysTick_Config
                0x00000000080016e0       0x44 ./Drivers/STM32L4xx_HAL_Driver/Src/stm32l4xx_hal_cortex.o
 .text.HAL_NVIC_SetPriorityGrouping
                0x0000000008001724       0x16 ./Drivers/STM32L4xx_HAL_Driver/Src/stm32l4xx_hal_cortex.o
                0x0000000008001724                HAL_NVIC_SetPriorityGrouping
 .text.HAL_NVIC_SetPriority
                0x000000000800173a       0x38 ./Drivers/STM32L4xx_HAL_Driver/Src/stm32l4xx_hal_cortex.o
                0x000000000800173a                HAL_NVIC_SetPriority
 .text.HAL_SYSTICK_Config
                0x0000000008001772       0x18 ./Drivers/STM32L4xx_HAL_Driver/Src/stm32l4xx_hal_cortex.o
                0x0000000008001772                HAL_SYSTICK_Config
 *fill*         0x000000000800178a        0x2 
 .text.HAL_PWREx_GetVoltageRange
                0x000000000800178c       0x1c ./Drivers/STM32L4xx_HAL_Driver/Src/stm32l4xx_hal_pwr_ex.o
                0x000000000800178c                HAL_PWREx_GetVoltageRange
 .text.HAL_PWREx_ControlVoltageScaling
                0x00000000080017a8       0xac ./Drivers/STM32L4xx_HAL_Driver/Src/stm32l4xx_hal_pwr_ex.o
                0x00000000080017a8                HAL_PWREx_ControlVoltageScaling
 .text.HAL_RCC_OscConfig
                0x0000000008001854      0x7b8 ./Drivers/STM32L4xx_HAL_Driver/Src/stm32l4xx_hal_rcc.o
                0x0000000008001854                HAL_RCC_OscConfig
 .text.HAL_RCC_ClockConfig
                0x000000000800200c      0x200 ./Drivers/STM32L4xx_HAL_Driver/Src/stm32l4xx_hal_rcc.o
                0x000000000800200c                HAL_RCC_ClockConfig
 .text.HAL_RCC_GetSysClockFreq
                0x000000000800220c      0x118 ./Drivers/STM32L4xx_HAL_Driver/Src/stm32l4xx_hal_rcc.o
                0x000000000800220c                HAL_RCC_GetSysClockFreq
 .text.RCC_SetFlashLatencyFromMSIRange
                0x0000000008002324       0xc0 ./Drivers/STM32L4xx_HAL_Driver/Src/stm32l4xx_hal_rcc.o
 .text.__libc_init_array
                0x00000000080023e4       0x48 /Applications/STM32CubeIDE.app/Contents/Eclipse/plugins/com.st.stm32cube.ide.mcu.externaltools.gnu-tools-for-stm32.10.3-2021.10.macos64_1.0.200.202301161003/tools/bin/../lib/gcc/arm-none-eabi/10.3.1/../../../../arm-none-eabi/lib/thumb/v7e-m+fp/hard/libc_nano.a(lib_a-init.o)
                0x00000000080023e4                __libc_init_array
 .text.memset   0x000000000800242c       0x10 /Applications/STM32CubeIDE.app/Contents/Eclipse/plugins/com.st.stm32cube.ide.mcu.externaltools.gnu-tools-for-stm32.10.3-2021.10.macos64_1.0.200.202301161003/tools/bin/../lib/gcc/arm-none-eabi/10.3.1/../../../../arm-none-eabi/lib/thumb/v7e-m+fp/hard/libc_nano.a(lib_a-memset.o)
                0x000000000800242c                memset
 *(.glue_7)
 .glue_7        0x000000000800243c        0x0 linker stubs
 *(.glue_7t)
 .glue_7t       0x000000000800243c        0x0 linker stubs
 *(.eh_frame)
 .eh_frame      0x000000000800243c        0x0 /Applications/STM32CubeIDE.app/Contents/Eclipse/plugins/com.st.stm32cube.ide.mcu.externaltools.gnu-tools-for-stm32.10.3-2021.10.macos64_1.0.200.202301161003/tools/bin/../lib/gcc/arm-none-eabi/10.3.1/thumb/v7e-m+fp/hard/crtbegin.o
 *(.init)
 .init          0x000000000800243c        0x4 /Applications/STM32CubeIDE.app/Contents/Eclipse/plugins/com.st.stm32cube.ide.mcu.externaltools.gnu-tools-for-stm32.10.3-2021.10.macos64_1.0.200.202301161003/tools/bin/../lib/gcc/arm-none-eabi/10.3.1/thumb/v7e-m+fp/hard/crti.o
                0x000000000800243c                _init
 .init          0x0000000008002440        0x8 /Applications/STM32CubeIDE.app/Contents/Eclipse/plugins/com.st.stm32cube.ide.mcu.externaltools.gnu-tools-for-stm32.10.3-2021.10.macos64_1.0.200.202301161003/tools/bin/../lib/gcc/arm-none-eabi/10.3.1/thumb/v7e-m+fp/hard/crtn.o
 *(.fini)
 .fini          0x0000000008002448        0x4 /Applications/STM32CubeIDE.app/Contents/Eclipse/plugins/com.st.stm32cube.ide.mcu.externaltools.gnu-tools-for-stm32.10.3-2021.10.macos64_1.0.200.202301161003/tools/bin/../lib/gcc/arm-none-eabi/10.3.1/thumb/v7e-m+fp/hard/crti.o
                0x0000000008002448                _fini
 .fini          0x000000000800244c        0x8 /Applications/STM32CubeIDE.app/Contents/Eclipse/plugins/com.st.stm32cube.ide.mcu.externaltools.gnu-tools-for-stm32.10.3-2021.10.macos64_1.0.200.202301161003/tools/bin/../lib/gcc/arm-none-eabi/10.3.1/thumb/v7e-m+fp/hard/crtn.o
                0x0000000008002454                . = ALIGN (0x4)
                0x0000000008002454                _etext = .

.vfp11_veneer   0x0000000008002454        0x0
 .vfp11_veneer  0x0000000008002454        0x0 linker stubs

.v4_bx          0x0000000008002454        0x0
 .v4_bx         0x0000000008002454        0x0 linker stubs

.iplt           0x0000000008002454        0x0
 .iplt          0x0000000008002454        0x0 /Applications/STM32CubeIDE.app/Contents/Eclipse/plugins/com.st.stm32cube.ide.mcu.externaltools.gnu-tools-for-stm32.10.3-2021.10.macos64_1.0.200.202301161003/tools/bin/../lib/gcc/arm-none-eabi/10.3.1/thumb/v7e-m+fp/hard/crtbegin.o

.rodata         0x0000000008002454      0x3c8
                0x0000000008002454                . = ALIGN (0x4)
 *(.rodata)
 .rodata        0x0000000008002454       0x9e ./Core/Src/RTC_lib/RTC.o
 *fill*         0x00000000080024f2        0x2 
 .rodata        0x00000000080024f4      0x2d6 ./Core/Src/main.o
 *(.rodata*)
 *fill*         0x00000000080027ca        0x2 
 .rodata.keypad_matrix
                0x00000000080027cc       0x10 ./Core/Src/KEYPAD_lib/keypad_lib.o
                0x00000000080027cc                keypad_matrix
 .rodata.AHBPrescTable
                0x00000000080027dc       0x10 ./Core/Src/system_stm32l4xx.o
                0x00000000080027dc                AHBPrescTable
 .rodata.MSIRangeTable
                0x00000000080027ec       0x30 ./Core/Src/system_stm32l4xx.o
                0x00000000080027ec                MSIRangeTable
                0x000000000800281c                . = ALIGN (0x4)

.rel.dyn        0x000000000800281c        0x0
 .rel.iplt      0x000000000800281c        0x0 /Applications/STM32CubeIDE.app/Contents/Eclipse/plugins/com.st.stm32cube.ide.mcu.externaltools.gnu-tools-for-stm32.10.3-2021.10.macos64_1.0.200.202301161003/tools/bin/../lib/gcc/arm-none-eabi/10.3.1/thumb/v7e-m+fp/hard/crtbegin.o

.ARM.extab      0x000000000800281c        0x0
                0x000000000800281c                . = ALIGN (0x4)
 *(.ARM.extab* .gnu.linkonce.armextab.*)
                0x000000000800281c                . = ALIGN (0x4)

.ARM            0x000000000800281c        0x0
                0x000000000800281c                . = ALIGN (0x4)
                0x000000000800281c                __exidx_start = .
 *(.ARM.exidx*)
                0x000000000800281c                __exidx_end = .
                0x000000000800281c                . = ALIGN (0x4)

.preinit_array  0x000000000800281c        0x0
                0x000000000800281c                . = ALIGN (0x4)
                0x000000000800281c                PROVIDE (__preinit_array_start = .)
 *(.preinit_array*)
                0x000000000800281c                PROVIDE (__preinit_array_end = .)
                0x000000000800281c                . = ALIGN (0x4)

.init_array     0x000000000800281c        0x4
                0x000000000800281c                . = ALIGN (0x4)
                0x000000000800281c                PROVIDE (__init_array_start = .)
 *(SORT_BY_NAME(.init_array.*))
 *(.init_array*)
 .init_array    0x000000000800281c        0x4 /Applications/STM32CubeIDE.app/Contents/Eclipse/plugins/com.st.stm32cube.ide.mcu.externaltools.gnu-tools-for-stm32.10.3-2021.10.macos64_1.0.200.202301161003/tools/bin/../lib/gcc/arm-none-eabi/10.3.1/thumb/v7e-m+fp/hard/crtbegin.o
                0x0000000008002820                PROVIDE (__init_array_end = .)
                0x0000000008002820                . = ALIGN (0x4)

.fini_array     0x0000000008002820        0x4
                0x0000000008002820                . = ALIGN (0x4)
                [!provide]                        PROVIDE (__fini_array_start = .)
 *(SORT_BY_NAME(.fini_array.*))
 *(.fini_array*)
 .fini_array    0x0000000008002820        0x4 /Applications/STM32CubeIDE.app/Contents/Eclipse/plugins/com.st.stm32cube.ide.mcu.externaltools.gnu-tools-for-stm32.10.3-2021.10.macos64_1.0.200.202301161003/tools/bin/../lib/gcc/arm-none-eabi/10.3.1/thumb/v7e-m+fp/hard/crtbegin.o
                [!provide]                        PROVIDE (__fini_array_end = .)
                0x0000000008002824                . = ALIGN (0x4)
                0x0000000008002824                _sidata = LOADADDR (.data)

.data           0x0000000020000000        0xc load address 0x0000000008002824
                0x0000000020000000                . = ALIGN (0x4)
                0x0000000020000000                _sdata = .
 *(.data)
 *(.data*)
 .data.SystemCoreClock
                0x0000000020000000        0x4 ./Core/Src/system_stm32l4xx.o
                0x0000000020000000                SystemCoreClock
 .data.uwTickPrio
                0x0000000020000004        0x4 ./Drivers/STM32L4xx_HAL_Driver/Src/stm32l4xx_hal.o
                0x0000000020000004                uwTickPrio
 .data.uwTickFreq
                0x0000000020000008        0x1 ./Drivers/STM32L4xx_HAL_Driver/Src/stm32l4xx_hal.o
                0x0000000020000008                uwTickFreq
 *(.RamFunc)
 *(.RamFunc*)
                0x000000002000000c                . = ALIGN (0x4)
 *fill*         0x0000000020000009        0x3 
                0x000000002000000c                _edata = .

.igot.plt       0x000000002000000c        0x0 load address 0x0000000008002830
 .igot.plt      0x000000002000000c        0x0 /Applications/STM32CubeIDE.app/Contents/Eclipse/plugins/com.st.stm32cube.ide.mcu.externaltools.gnu-tools-for-stm32.10.3-2021.10.macos64_1.0.200.202301161003/tools/bin/../lib/gcc/arm-none-eabi/10.3.1/thumb/v7e-m+fp/hard/crtbegin.o
                0x000000002000000c                . = ALIGN (0x4)

.bss            0x000000002000000c       0x20 load address 0x0000000008002830
                0x000000002000000c                _sbss = .
                0x000000002000000c                __bss_start__ = _sbss
 *(.bss)
 .bss           0x000000002000000c       0x1c /Applications/STM32CubeIDE.app/Contents/Eclipse/plugins/com.st.stm32cube.ide.mcu.externaltools.gnu-tools-for-stm32.10.3-2021.10.macos64_1.0.200.202301161003/tools/bin/../lib/gcc/arm-none-eabi/10.3.1/thumb/v7e-m+fp/hard/crtbegin.o
 *(.bss*)
 .bss.uwTick    0x0000000020000028        0x4 ./Drivers/STM32L4xx_HAL_Driver/Src/stm32l4xx_hal.o
                0x0000000020000028                uwTick
 *(COMMON)
                0x000000002000002c                . = ALIGN (0x4)
                0x000000002000002c                _ebss = .
                0x000000002000002c                __bss_end__ = _ebss

._user_heap_stack
                0x000000002000002c      0x604 load address 0x0000000008002830
                0x0000000020000030                . = ALIGN (0x8)
 *fill*         0x000000002000002c        0x4 
                [!provide]                        PROVIDE (end = .)
                0x0000000020000030                PROVIDE (_end = .)
                0x0000000020000230                . = (. + _Min_Heap_Size)
 *fill*         0x0000000020000030      0x200 
                0x0000000020000630                . = (. + _Min_Stack_Size)
 *fill*         0x0000000020000230      0x400 
                0x0000000020000630                . = ALIGN (0x8)

/DISCARD/
 libc.a(*)
 libm.a(*)
 libgcc.a(*)

.ARM.attributes
                0x0000000000000000       0x30
 *(.ARM.attributes)
 .ARM.attributes
                0x0000000000000000       0x1e /Applications/STM32CubeIDE.app/Contents/Eclipse/plugins/com.st.stm32cube.ide.mcu.externaltools.gnu-tools-for-stm32.10.3-2021.10.macos64_1.0.200.202301161003/tools/bin/../lib/gcc/arm-none-eabi/10.3.1/thumb/v7e-m+fp/hard/crti.o
 .ARM.attributes
                0x000000000000001e       0x34 /Applications/STM32CubeIDE.app/Contents/Eclipse/plugins/com.st.stm32cube.ide.mcu.externaltools.gnu-tools-for-stm32.10.3-2021.10.macos64_1.0.200.202301161003/tools/bin/../lib/gcc/arm-none-eabi/10.3.1/thumb/v7e-m+fp/hard/crtbegin.o
 .ARM.attributes
                0x0000000000000052       0x34 ./Core/Src/KEYPAD_lib/keypad_lib.o
 .ARM.attributes
                0x0000000000000086       0x34 ./Core/Src/RTC_lib/RTC.o
 .ARM.attributes
                0x00000000000000ba       0x34 ./Core/Src/UART_lib/UART.o
 .ARM.attributes
                0x00000000000000ee       0x34 ./Core/Src/main.o
 .ARM.attributes
                0x0000000000000122       0x34 ./Core/Src/stm32l4xx_hal_msp.o
 .ARM.attributes
                0x0000000000000156       0x34 ./Core/Src/stm32l4xx_it.o
 .ARM.attributes
                0x000000000000018a       0x34 ./Core/Src/system_stm32l4xx.o
 .ARM.attributes
                0x00000000000001be       0x21 ./Core/Startup/startup_stm32l476rgtx.o
 .ARM.attributes
                0x00000000000001df       0x34 ./Drivers/STM32L4xx_HAL_Driver/Src/stm32l4xx_hal.o
 .ARM.attributes
                0x0000000000000213       0x34 ./Drivers/STM32L4xx_HAL_Driver/Src/stm32l4xx_hal_cortex.o
 .ARM.attributes
                0x0000000000000247       0x34 ./Drivers/STM32L4xx_HAL_Driver/Src/stm32l4xx_hal_pwr_ex.o
 .ARM.attributes
                0x000000000000027b       0x34 ./Drivers/STM32L4xx_HAL_Driver/Src/stm32l4xx_hal_rcc.o
 .ARM.attributes
                0x00000000000002af       0x34 /Applications/STM32CubeIDE.app/Contents/Eclipse/plugins/com.st.stm32cube.ide.mcu.externaltools.gnu-tools-for-stm32.10.3-2021.10.macos64_1.0.200.202301161003/tools/bin/../lib/gcc/arm-none-eabi/10.3.1/../../../../arm-none-eabi/lib/thumb/v7e-m+fp/hard/libc_nano.a(lib_a-init.o)
 .ARM.attributes
                0x00000000000002e3       0x34 /Applications/STM32CubeIDE.app/Contents/Eclipse/plugins/com.st.stm32cube.ide.mcu.externaltools.gnu-tools-for-stm32.10.3-2021.10.macos64_1.0.200.202301161003/tools/bin/../lib/gcc/arm-none-eabi/10.3.1/../../../../arm-none-eabi/lib/thumb/v7e-m+fp/hard/libc_nano.a(lib_a-memset.o)
 .ARM.attributes
                0x0000000000000317       0x17 /Applications/STM32CubeIDE.app/Contents/Eclipse/plugins/com.st.stm32cube.ide.mcu.externaltools.gnu-tools-for-stm32.10.3-2021.10.macos64_1.0.200.202301161003/tools/bin/../lib/gcc/arm-none-eabi/10.3.1/../../../../arm-none-eabi/lib/thumb/v7e-m+fp/hard/libc_nano.a(lib_a-strlen.o)
 .ARM.attributes
                0x000000000000032e       0x1e /Applications/STM32CubeIDE.app/Contents/Eclipse/plugins/com.st.stm32cube.ide.mcu.externaltools.gnu-tools-for-stm32.10.3-2021.10.macos64_1.0.200.202301161003/tools/bin/../lib/gcc/arm-none-eabi/10.3.1/thumb/v7e-m+fp/hard/crtn.o
OUTPUT(P3DigitalAlarmClock.elf elf32-littlearm)
LOAD linker stubs
LOAD /Applications/STM32CubeIDE.app/Contents/Eclipse/plugins/com.st.stm32cube.ide.mcu.externaltools.gnu-tools-for-stm32.10.3-2021.10.macos64_1.0.200.202301161003/tools/bin/../lib/gcc/arm-none-eabi/10.3.1/../../../../arm-none-eabi/lib/thumb/v7e-m+fp/hard/libc.a
LOAD /Applications/STM32CubeIDE.app/Contents/Eclipse/plugins/com.st.stm32cube.ide.mcu.externaltools.gnu-tools-for-stm32.10.3-2021.10.macos64_1.0.200.202301161003/tools/bin/../lib/gcc/arm-none-eabi/10.3.1/../../../../arm-none-eabi/lib/thumb/v7e-m+fp/hard/libm.a
LOAD /Applications/STM32CubeIDE.app/Contents/Eclipse/plugins/com.st.stm32cube.ide.mcu.externaltools.gnu-tools-for-stm32.10.3-2021.10.macos64_1.0.200.202301161003/tools/bin/../lib/gcc/arm-none-eabi/10.3.1/thumb/v7e-m+fp/hard/libgcc.a

.debug_info     0x0000000000000000     0x53f4
 .debug_info    0x0000000000000000      0x4f0 ./Core/Src/KEYPAD_lib/keypad_lib.o
 .debug_info    0x00000000000004f0      0x8b9 ./Core/Src/RTC_lib/RTC.o
 .debug_info    0x0000000000000da9      0x61b ./Core/Src/UART_lib/UART.o
 .debug_info    0x00000000000013c4      0x5eb ./Core/Src/main.o
 .debug_info    0x00000000000019af      0x308 ./Core/Src/stm32l4xx_hal_msp.o
 .debug_info    0x0000000000001cb7      0x122 ./Core/Src/stm32l4xx_it.o
 .debug_info    0x0000000000001dd9      0x5c6 ./Core/Src/system_stm32l4xx.o
 .debug_info    0x000000000000239f       0x22 ./Core/Startup/startup_stm32l476rgtx.o
 .debug_info    0x00000000000023c1      0xb35 ./Drivers/STM32L4xx_HAL_Driver/Src/stm32l4xx_hal.o
 .debug_info    0x0000000000002ef6      0xe21 ./Drivers/STM32L4xx_HAL_Driver/Src/stm32l4xx_hal_cortex.o
 .debug_info    0x0000000000003d17      0x9f0 ./Drivers/STM32L4xx_HAL_Driver/Src/stm32l4xx_hal_pwr_ex.o
 .debug_info    0x0000000000004707      0xced ./Drivers/STM32L4xx_HAL_Driver/Src/stm32l4xx_hal_rcc.o

.debug_abbrev   0x0000000000000000     0x1307
 .debug_abbrev  0x0000000000000000      0x130 ./Core/Src/KEYPAD_lib/keypad_lib.o
 .debug_abbrev  0x0000000000000130      0x1fe ./Core/Src/RTC_lib/RTC.o
 .debug_abbrev  0x000000000000032e      0x15c ./Core/Src/UART_lib/UART.o
 .debug_abbrev  0x000000000000048a      0x21f ./Core/Src/main.o
 .debug_abbrev  0x00000000000006a9       0xc2 ./Core/Src/stm32l4xx_hal_msp.o
 .debug_abbrev  0x000000000000076b       0x74 ./Core/Src/stm32l4xx_it.o
 .debug_abbrev  0x00000000000007df      0x116 ./Core/Src/system_stm32l4xx.o
 .debug_abbrev  0x00000000000008f5       0x12 ./Core/Startup/startup_stm32l476rgtx.o
 .debug_abbrev  0x0000000000000907      0x23a ./Drivers/STM32L4xx_HAL_Driver/Src/stm32l4xx_hal.o
 .debug_abbrev  0x0000000000000b41      0x316 ./Drivers/STM32L4xx_HAL_Driver/Src/stm32l4xx_hal_cortex.o
 .debug_abbrev  0x0000000000000e57      0x1f3 ./Drivers/STM32L4xx_HAL_Driver/Src/stm32l4xx_hal_pwr_ex.o
 .debug_abbrev  0x000000000000104a      0x2bd ./Drivers/STM32L4xx_HAL_Driver/Src/stm32l4xx_hal_rcc.o

.debug_aranges  0x0000000000000000      0x600
 .debug_aranges
                0x0000000000000000       0x30 ./Core/Src/KEYPAD_lib/keypad_lib.o
 .debug_aranges
                0x0000000000000030       0x50 ./Core/Src/RTC_lib/RTC.o
 .debug_aranges
                0x0000000000000080       0x38 ./Core/Src/UART_lib/UART.o
 .debug_aranges
                0x00000000000000b8       0x40 ./Core/Src/main.o
 .debug_aranges
                0x00000000000000f8       0x20 ./Core/Src/stm32l4xx_hal_msp.o
 .debug_aranges
                0x0000000000000118       0x60 ./Core/Src/stm32l4xx_it.o
 .debug_aranges
                0x0000000000000178       0x28 ./Core/Src/system_stm32l4xx.o
 .debug_aranges
                0x00000000000001a0       0x28 ./Core/Startup/startup_stm32l476rgtx.o
 .debug_aranges
                0x00000000000001c8      0x130 ./Drivers/STM32L4xx_HAL_Driver/Src/stm32l4xx_hal.o
 .debug_aranges
                0x00000000000002f8      0x118 ./Drivers/STM32L4xx_HAL_Driver/Src/stm32l4xx_hal_cortex.o
 .debug_aranges
                0x0000000000000410      0x160 ./Drivers/STM32L4xx_HAL_Driver/Src/stm32l4xx_hal_pwr_ex.o
 .debug_aranges
                0x0000000000000570       0x90 ./Drivers/STM32L4xx_HAL_Driver/Src/stm32l4xx_hal_rcc.o

.debug_ranges   0x0000000000000000      0x548
 .debug_ranges  0x0000000000000000       0x20 ./Core/Src/KEYPAD_lib/keypad_lib.o
 .debug_ranges  0x0000000000000020       0x40 ./Core/Src/RTC_lib/RTC.o
 .debug_ranges  0x0000000000000060       0x28 ./Core/Src/UART_lib/UART.o
 .debug_ranges  0x0000000000000088       0x30 ./Core/Src/main.o
 .debug_ranges  0x00000000000000b8       0x10 ./Core/Src/stm32l4xx_hal_msp.o
 .debug_ranges  0x00000000000000c8       0x50 ./Core/Src/stm32l4xx_it.o
 .debug_ranges  0x0000000000000118       0x18 ./Core/Src/system_stm32l4xx.o
 .debug_ranges  0x0000000000000130       0x20 ./Core/Startup/startup_stm32l476rgtx.o
 .debug_ranges  0x0000000000000150      0x120 ./Drivers/STM32L4xx_HAL_Driver/Src/stm32l4xx_hal.o
 .debug_ranges  0x0000000000000270      0x108 ./Drivers/STM32L4xx_HAL_Driver/Src/stm32l4xx_hal_cortex.o
 .debug_ranges  0x0000000000000378      0x150 ./Drivers/STM32L4xx_HAL_Driver/Src/stm32l4xx_hal_pwr_ex.o
 .debug_ranges  0x00000000000004c8       0x80 ./Drivers/STM32L4xx_HAL_Driver/Src/stm32l4xx_hal_rcc.o

.debug_macro    0x0000000000000000    0x24c7d
 .debug_macro   0x0000000000000000      0x1b1 ./Core/Src/KEYPAD_lib/keypad_lib.o
 .debug_macro   0x00000000000001b1      0xa78 ./Core/Src/KEYPAD_lib/keypad_lib.o
 .debug_macro   0x0000000000000c29      0x19b ./Core/Src/KEYPAD_lib/keypad_lib.o
 .debug_macro   0x0000000000000dc4       0x2e ./Core/Src/KEYPAD_lib/keypad_lib.o
 .debug_macro   0x0000000000000df2       0x28 ./Core/Src/KEYPAD_lib/keypad_lib.o
 .debug_macro   0x0000000000000e1a       0x22 ./Core/Src/KEYPAD_lib/keypad_lib.o
 .debug_macro   0x0000000000000e3c       0x8e ./Core/Src/KEYPAD_lib/keypad_lib.o
 .debug_macro   0x0000000000000eca       0x51 ./Core/Src/KEYPAD_lib/keypad_lib.o
 .debug_macro   0x0000000000000f1b      0x103 ./Core/Src/KEYPAD_lib/keypad_lib.o
 .debug_macro   0x000000000000101e       0x6a ./Core/Src/KEYPAD_lib/keypad_lib.o
 .debug_macro   0x0000000000001088      0x1df ./Core/Src/KEYPAD_lib/keypad_lib.o
 .debug_macro   0x0000000000001267       0x1c ./Core/Src/KEYPAD_lib/keypad_lib.o
 .debug_macro   0x0000000000001283       0x22 ./Core/Src/KEYPAD_lib/keypad_lib.o
 .debug_macro   0x00000000000012a5       0xfb ./Core/Src/KEYPAD_lib/keypad_lib.o
 .debug_macro   0x00000000000013a0     0x1011 ./Core/Src/KEYPAD_lib/keypad_lib.o
 .debug_macro   0x00000000000023b1      0x11f ./Core/Src/KEYPAD_lib/keypad_lib.o
 .debug_macro   0x00000000000024d0    0x1a17a ./Core/Src/KEYPAD_lib/keypad_lib.o
 .debug_macro   0x000000000001c64a       0x6d ./Core/Src/KEYPAD_lib/keypad_lib.o
 .debug_macro   0x000000000001c6b7     0x38e6 ./Core/Src/KEYPAD_lib/keypad_lib.o
 .debug_macro   0x000000000001ff9d      0x174 ./Core/Src/KEYPAD_lib/keypad_lib.o
 .debug_macro   0x0000000000020111       0x5c ./Core/Src/KEYPAD_lib/keypad_lib.o
 .debug_macro   0x000000000002016d     0x159e ./Core/Src/KEYPAD_lib/keypad_lib.o
 .debug_macro   0x000000000002170b      0x5a5 ./Core/Src/KEYPAD_lib/keypad_lib.o
 .debug_macro   0x0000000000021cb0      0x1b9 ./Core/Src/KEYPAD_lib/keypad_lib.o
 .debug_macro   0x0000000000021e69      0x18b ./Core/Src/KEYPAD_lib/keypad_lib.o
 .debug_macro   0x0000000000021ff4      0x26b ./Core/Src/KEYPAD_lib/keypad_lib.o
 .debug_macro   0x000000000002225f      0x23d ./Core/Src/KEYPAD_lib/keypad_lib.o
 .debug_macro   0x000000000002249c      0x241 ./Core/Src/KEYPAD_lib/keypad_lib.o
 .debug_macro   0x00000000000226dd      0x37c ./Core/Src/KEYPAD_lib/keypad_lib.o
 .debug_macro   0x0000000000022a59       0xd6 ./Core/Src/KEYPAD_lib/keypad_lib.o
 .debug_macro   0x0000000000022b2f      0x122 ./Core/Src/KEYPAD_lib/keypad_lib.o
 .debug_macro   0x0000000000022c51      0x3ef ./Core/Src/KEYPAD_lib/keypad_lib.o
 .debug_macro   0x0000000000023040      0x330 ./Core/Src/KEYPAD_lib/keypad_lib.o
 .debug_macro   0x0000000000023370       0x16 ./Core/Src/KEYPAD_lib/keypad_lib.o
 .debug_macro   0x0000000000023386      0x1ba ./Core/Src/RTC_lib/RTC.o
 .debug_macro   0x0000000000023540       0x16 ./Core/Src/RTC_lib/RTC.o
 .debug_macro   0x0000000000023556       0x5e ./Core/Src/RTC_lib/RTC.o
 .debug_macro   0x00000000000235b4      0x19b ./Core/Src/UART_lib/UART.o
 .debug_macro   0x000000000002374f       0x52 ./Core/Src/UART_lib/UART.o
 .debug_macro   0x00000000000237a1       0x1e ./Core/Src/UART_lib/UART.o
 .debug_macro   0x00000000000237bf       0x3c ./Core/Src/UART_lib/UART.o
 .debug_macro   0x00000000000237fb       0x34 ./Core/Src/UART_lib/UART.o
 .debug_macro   0x000000000002382f       0x16 ./Core/Src/UART_lib/UART.o
 .debug_macro   0x0000000000023845       0x43 ./Core/Src/UART_lib/UART.o
 .debug_macro   0x0000000000023888       0x34 ./Core/Src/UART_lib/UART.o
 .debug_macro   0x00000000000238bc       0x10 ./Core/Src/UART_lib/UART.o
 .debug_macro   0x00000000000238cc       0x58 ./Core/Src/UART_lib/UART.o
 .debug_macro   0x0000000000023924       0x71 ./Core/Src/UART_lib/UART.o
 .debug_macro   0x0000000000023995       0x1c ./Core/Src/UART_lib/UART.o
 .debug_macro   0x00000000000239b1      0x12a ./Core/Src/UART_lib/UART.o
 .debug_macro   0x0000000000023adb      0x341 ./Core/Src/UART_lib/UART.o
 .debug_macro   0x0000000000023e1c       0x10 ./Core/Src/UART_lib/UART.o
 .debug_macro   0x0000000000023e2c       0x35 ./Core/Src/UART_lib/UART.o
 .debug_macro   0x0000000000023e61       0x20 ./Core/Src/UART_lib/UART.o
 .debug_macro   0x0000000000023e81      0x1d0 ./Core/Src/main.o
 .debug_macro   0x0000000000024051       0x16 ./Core/Src/main.o
 .debug_macro   0x0000000000024067       0x1c ./Core/Src/main.o
 .debug_macro   0x0000000000024083      0x1a2 ./Core/Src/stm32l4xx_hal_msp.o
 .debug_macro   0x0000000000024225      0x1ac ./Core/Src/stm32l4xx_it.o
 .debug_macro   0x00000000000243d1      0x198 ./Core/Src/system_stm32l4xx.o
 .debug_macro   0x0000000000024569      0x1e6 ./Drivers/STM32L4xx_HAL_Driver/Src/stm32l4xx_hal.o
 .debug_macro   0x000000000002474f      0x198 ./Drivers/STM32L4xx_HAL_Driver/Src/stm32l4xx_hal_cortex.o
 .debug_macro   0x00000000000248e7      0x1bc ./Drivers/STM32L4xx_HAL_Driver/Src/stm32l4xx_hal_pwr_ex.o
 .debug_macro   0x0000000000024aa3      0x1da ./Drivers/STM32L4xx_HAL_Driver/Src/stm32l4xx_hal_rcc.o

.debug_line     0x0000000000000000     0x6ab5
 .debug_line    0x0000000000000000      0x7ab ./Core/Src/KEYPAD_lib/keypad_lib.o
 .debug_line    0x00000000000007ab      0xa71 ./Core/Src/RTC_lib/RTC.o
 .debug_line    0x000000000000121c      0x74a ./Core/Src/UART_lib/UART.o
 .debug_line    0x0000000000001966      0x9bf ./Core/Src/main.o
 .debug_line    0x0000000000002325      0x68c ./Core/Src/stm32l4xx_hal_msp.o
 .debug_line    0x00000000000029b1      0x74f ./Core/Src/stm32l4xx_it.o
 .debug_line    0x0000000000003100      0x724 ./Core/Src/system_stm32l4xx.o
 .debug_line    0x0000000000003824       0x88 ./Core/Startup/startup_stm32l476rgtx.o
 .debug_line    0x00000000000038ac      0xa7c ./Drivers/STM32L4xx_HAL_Driver/Src/stm32l4xx_hal.o
 .debug_line    0x0000000000004328      0xc23 ./Drivers/STM32L4xx_HAL_Driver/Src/stm32l4xx_hal_cortex.o
 .debug_line    0x0000000000004f4b      0xc74 ./Drivers/STM32L4xx_HAL_Driver/Src/stm32l4xx_hal_pwr_ex.o
 .debug_line    0x0000000000005bbf      0xef6 ./Drivers/STM32L4xx_HAL_Driver/Src/stm32l4xx_hal_rcc.o

.debug_str      0x0000000000000000    0xe1046
 .debug_str     0x0000000000000000    0xdc36a ./Core/Src/KEYPAD_lib/keypad_lib.o
                                      0xdc622 (size before relaxing)
 .debug_str     0x00000000000dc36a      0x240 ./Core/Src/RTC_lib/RTC.o
                                      0xdc75e (size before relaxing)
 .debug_str     0x00000000000dc5aa     0x2ea1 ./Core/Src/UART_lib/UART.o
                                      0xa148f (size before relaxing)
 .debug_str     0x00000000000df44b      0x2c5 ./Core/Src/main.o
                                      0xdc8f7 (size before relaxing)
 .debug_str     0x00000000000df710       0x33 ./Core/Src/stm32l4xx_hal_msp.o
                                      0xdc4e1 (size before relaxing)
 .debug_str     0x00000000000df743       0xc9 ./Core/Src/stm32l4xx_it.o
                                      0xdc41a (size before relaxing)
 .debug_str     0x00000000000df80c       0xf2 ./Core/Src/system_stm32l4xx.o
                                      0xdc5a8 (size before relaxing)
 .debug_str     0x00000000000df8fe       0x36 ./Core/Startup/startup_stm32l476rgtx.o
                                         0x80 (size before relaxing)
 .debug_str     0x00000000000df934      0xaa8 ./Drivers/STM32L4xx_HAL_Driver/Src/stm32l4xx_hal.o
                                      0xdd13b (size before relaxing)
 .debug_str     0x00000000000e03dc      0x350 ./Drivers/STM32L4xx_HAL_Driver/Src/stm32l4xx_hal_cortex.o
                                      0xdcdef (size before relaxing)
 .debug_str     0x00000000000e072c      0x52a ./Drivers/STM32L4xx_HAL_Driver/Src/stm32l4xx_hal_pwr_ex.o
                                      0xdcb03 (size before relaxing)
 .debug_str     0x00000000000e0c56      0x3f0 ./Drivers/STM32L4xx_HAL_Driver/Src/stm32l4xx_hal_rcc.o
                                      0xdcbee (size before relaxing)

.comment        0x0000000000000000       0x50
 .comment       0x0000000000000000       0x50 ./Core/Src/KEYPAD_lib/keypad_lib.o
                                         0x51 (size before relaxing)
 .comment       0x0000000000000050       0x51 ./Core/Src/RTC_lib/RTC.o
 .comment       0x0000000000000050       0x51 ./Core/Src/UART_lib/UART.o
 .comment       0x0000000000000050       0x51 ./Core/Src/main.o
 .comment       0x0000000000000050       0x51 ./Core/Src/stm32l4xx_hal_msp.o
 .comment       0x0000000000000050       0x51 ./Core/Src/stm32l4xx_it.o
 .comment       0x0000000000000050       0x51 ./Core/Src/system_stm32l4xx.o
 .comment       0x0000000000000050       0x51 ./Drivers/STM32L4xx_HAL_Driver/Src/stm32l4xx_hal.o
 .comment       0x0000000000000050       0x51 ./Drivers/STM32L4xx_HAL_Driver/Src/stm32l4xx_hal_cortex.o
 .comment       0x0000000000000050       0x51 ./Drivers/STM32L4xx_HAL_Driver/Src/stm32l4xx_hal_pwr_ex.o
 .comment       0x0000000000000050       0x51 ./Drivers/STM32L4xx_HAL_Driver/Src/stm32l4xx_hal_rcc.o

.debug_frame    0x0000000000000000     0x15a4
 .debug_frame   0x0000000000000000       0x7c ./Core/Src/KEYPAD_lib/keypad_lib.o
 .debug_frame   0x000000000000007c      0x11c ./Core/Src/RTC_lib/RTC.o
 .debug_frame   0x0000000000000198       0xa0 ./Core/Src/UART_lib/UART.o
 .debug_frame   0x0000000000000238       0xbc ./Core/Src/main.o
 .debug_frame   0x00000000000002f4       0x38 ./Core/Src/stm32l4xx_hal_msp.o
 .debug_frame   0x000000000000032c      0x104 ./Core/Src/stm32l4xx_it.o
 .debug_frame   0x0000000000000430       0x58 ./Core/Src/system_stm32l4xx.o
 .debug_frame   0x0000000000000488      0x498 ./Drivers/STM32L4xx_HAL_Driver/Src/stm32l4xx_hal.o
 .debug_frame   0x0000000000000920      0x498 ./Drivers/STM32L4xx_HAL_Driver/Src/stm32l4xx_hal_cortex.o
 .debug_frame   0x0000000000000db8      0x584 ./Drivers/STM32L4xx_HAL_Driver/Src/stm32l4xx_hal_pwr_ex.o
 .debug_frame   0x000000000000133c      0x21c ./Drivers/STM32L4xx_HAL_Driver/Src/stm32l4xx_hal_rcc.o
 .debug_frame   0x0000000000001558       0x2c /Applications/STM32CubeIDE.app/Contents/Eclipse/plugins/com.st.stm32cube.ide.mcu.externaltools.gnu-tools-for-stm32.10.3-2021.10.macos64_1.0.200.202301161003/tools/bin/../lib/gcc/arm-none-eabi/10.3.1/../../../../arm-none-eabi/lib/thumb/v7e-m+fp/hard/libc_nano.a(lib_a-init.o)
 .debug_frame   0x0000000000001584       0x20 /Applications/STM32CubeIDE.app/Contents/Eclipse/plugins/com.st.stm32cube.ide.mcu.externaltools.gnu-tools-for-stm32.10.3-2021.10.macos64_1.0.200.202301161003/tools/bin/../lib/gcc/arm-none-eabi/10.3.1/../../../../arm-none-eabi/lib/thumb/v7e-m+fp/hard/libc_nano.a(lib_a-memset.o)
